ExpansionExchangeMachine.Exchange|3686.830078 404.339996 5982.439941|160.266998 0.000000 0.000000
ExpansionTraderDenis.Clothing|3697.249512 402.01 5977.625488|70.482124 0.000000 -0.000000|SurgicalMask,FlatCap_BlackCheck,DressShoes_Brown,CivilianBelt,SlacksPants_Blue,ManSuit_Blue
ExpansionTraderMaria.Clothing_Accessories|3696.455811 402.01 5980.193359|72.855278 0.000000 -0.000000|QuiltedJacket_Violet,Breeches_Beetcheck,SurgicalGloves_White,ThinFramesGlasses,BaseballCap_Pink,JoggingShoes_Violet,TaloonBag_Violet,Armband_Pink
ExpansionTraderQuinn.Consumables|3710.121826 402.01 5976.164063|-72.449707 0.000000 0.000000|CargoPants_Black,Shirt_BlueCheckBright,SurgicalGloves_Blue,BaseballCap_Blue,AthleticShoes_Blue,CivilianBelt,DryBag_Blue
ExpansionTraderNaomi.Weapons|3708.786865 402.01 5974.589844|-131.125488 0.000000 -0.000000|HunterPants_Spring,HuntingJacket_Summer,Balaclava3Holes_Black,CowboyHat_black,CombatBoots_Green,MilitaryBelt,HuntingBag,Armband_Black
ExpansionTraderSeth.Attachments|3710.265137 402.01 5973.340820|-158.777390 0.000000 -0.000000|CargoPants_Green,M65Jacket_Khaki,UKAssVest_Black,WorkingGloves_Black,AviatorGlasses,PilotkaCap,TTSKOBoots,AssaultBag_Black
ExpansionTraderRolf.Vehicles|3698.172607 402.01 5995.337402|-93.593155 0.000000 -0.000000|SurgicalMask,WorkingBoots_Brown,BaseballCap_Beige,ReflexVest,QuiltedJacket_Grey,CargoPants_Grey
ExpansionTraderJudy.Medicals|3729.029541 402.651 5969.476563|-62.680214 0.000000 -0.000000|MilitaryBoots_Black,ParamedicPants_Crimson,SurgicalMask,SurgicalGloves_Green,ParamedicJacket_Crimson,ParamedicPants_Blue,MountainBag_Red
ExpansionTraderJose.Spraycans|3699.629883 402.01 5993.970215|116.581993 0.000000 0.000000|TrackSuitPants_Red,TrackSuitJacket_Red,MilitaryBoots_Redpunk,BeanieHat_Red,NioshFaceMask,ChildBag_Red
ExpansionTraderNiki.BuildingSupplies|3699.030029 402.013000 5973.439941|68.550491 0.000000 0.000000|ParamedicJacket_Blue,ParamedicPants_Blue,PoliceVest,NioshFaceMask,NBCGlovesGray,FlatCap_Blue,HikingBootsLow_Blue,MountainBag_Blue
ExpansionTraderMirek.Special|9075.58105 245.104034 8052.745117|178.169128 0.000000 0.000000|DYNAX_Shirt_Rhodesian,DYNAX_Pants_Rhodesian,HikingBoots_Brown,TacticalGloves_Black,DYNAX_PlateCarrierVest_Black,ExpansionCoyoteBlack